data_text_combine\images/01_EDT_RC_TsukubaMirai.jpg
data_text_combine\images/0209_001.jpg
data_text_combine\images/02_EDT_RC_Tsukuba01.jpg
data_text_combine\images/03_EDT_RC_Tsukuba02.jpg
data_text_combine\images/04_EDT_RC_Sendai.jpg
data_text_combine\images/05_EDT_RC_Koganei.jpg
data_text_combine\images/06_EDT_RC_Kawaguchi.jpg
data_text_combine\images/07_EDT_RC_Toda.jpg
data_text_combine\images/08.jpg
data_text_combine\images/08_EDT_RC_Fujioka.jpg
data_text_combine\images/09_EDT_RC_Fujisawa.jpg
data_text_combine\images/1.jpg
data_text_combine\images/10-page-001.jpg
data_text_combine\images/12.jpg
data_text_combine\images/14-page-001.jpg
data_text_combine\images/14.jpg
data_text_combine\images/15-page-002.jpg
data_text_combine\images/16_94-13-16-0.jpg
data_text_combine\images/17_63-12-42-0.jpg
data_text_combine\images/18.jpg
data_text_combine\images/19-1.jpg
data_text_combine\images/19.jpg
data_text_combine\images/2(copy).jpg
data_text_combine\images/2.jpg
data_text_combine\images/22.jpg
data_text_combine\images/22_47-15-38-0.jpg
data_text_combine\images/25_50-18-284-1.jpg
data_text_combine\images/2_12-24-2-3.jpg
data_text_combine\images/2_12-24-2-7.jpg
data_text_combine\images/3.jpg
data_text_combine\images/3_30-15-5-0.jpg
data_text_combine\images/3_30-15-5-1.jpg
data_text_combine\images/3_30-15-5-2.jpg
data_text_combine\images/4(copy).jpg
data_text_combine\images/4.jpg
data_text_combine\images/4_31-15-11_1-0.jpg
data_text_combine\images/5.jpg
data_text_combine\images/5_31-15-11_2-0.jpg
data_text_combine\images/5_31-15-11_2-2.jpg
data_text_combine\images/5_31-15-11_2-4.jpg
data_text_combine\images/6(copy).jpg
data_text_combine\images/6.jpg
data_text_combine\images/6_39-15-23-0.jpg
data_text_combine\images/6_39-15-23-2.jpg
data_text_combine\images/7.jpg
data_text_combine\images/9(copy).jpg
data_text_combine\images/9.jpg
data_text_combine\images/9_49-18-262-0.jpg
data_text_combine\images/aoyama1.jpg
data_text_combine\images/cert3.jpg
data_text_combine\images/cert4.jpg
data_text_combine\images/cert5.jpg
data_text_combine\images/cert6.jpg
data_text_combine\images/Certificate_5.jpg
data_text_combine\images/driver-license-jinmeng-13.jpg
data_text_combine\images/form1.jpg
data_text_combine\images/form3.jpg
data_text_combine\images/hayato1_warped.jpg
data_text_combine\images/IMG_9263.jpg
data_text_combine\images/IMG_9264.jpg
data_text_combine\images/IMG_9282.jpg
data_text_combine\images/IMG_9934.jpg
data_text_combine\images/IMG_9949.jpg
data_text_combine\images/ishighe7_warped.jpg
data_text_combine\images/nakajima_1.jpg
data_text_combine\images/OCR-DQI01.jpg
data_text_combine\images/OCR-DQI04.jpg
data_text_combine\images/OCR-ef02.jpg
data_text_combine\images/OCR-ef04.jpg
data_text_combine\images/OCR-ef06.jpg
data_text_combine\images/OCR-ef07-0.jpg
data_text_combine\images/OCR-ef08.jpg
