data_text_combine\images/POD_1280_No0.png
data_text_combine\images/POD_1280_No1.png
data_text_combine\images/POD_1281_No0.png
data_text_combine\images/POD_1281_No1.png
data_text_combine\images/POD_1282_No0.png
data_text_combine\images/POD_1282_No1.png
data_text_combine\images/POD_1283_No0.png
data_text_combine\images/POD_1283_No1.png
data_text_combine\images/POD_1284_No0.png
data_text_combine\images/POD_1284_No1.png
data_text_combine\images/POD_1285_No0.png
data_text_combine\images/POD_1285_No1.png
data_text_combine\images/POD_1286_No0.png
data_text_combine\images/POD_1286_No1.png
data_text_combine\images/POD_1287_No0.png
data_text_combine\images/POD_1287_No1.png
data_text_combine\images/POD_1288_No0.png
data_text_combine\images/POD_1288_No1.png
data_text_combine\images/POD_1289_No0.png
data_text_combine\images/POD_1289_No1.png
data_text_combine\images/POD_1290_No0.png
data_text_combine\images/POD_1290_No1.png
data_text_combine\images/POD_1291_No0.png
data_text_combine\images/POD_1291_No1.png
data_text_combine\images/POD_1292_No0.png
data_text_combine\images/POD_1292_No1.png
data_text_combine\images/POD_1293_No0.png
data_text_combine\images/POD_1293_No1.png
data_text_combine\images/POD_1294_No0.png
data_text_combine\images/POD_1294_No1.png
data_text_combine\images/POD_1295_No0.png
data_text_combine\images/POD_1295_No1.png
data_text_combine\images/POD_1296_No0.png
data_text_combine\images/POD_1296_No1.png
data_text_combine\images/POD_1297_No0.png
data_text_combine\images/POD_1297_No1.png
data_text_combine\images/POD_1298_No0.png
data_text_combine\images/POD_1298_No1.png
data_text_combine\images/POD_1299_No0.png
data_text_combine\images/POD_1299_No1.png
data_text_combine\images/POD_1300_No0.png
data_text_combine\images/POD_1300_No1.png
data_text_combine\images/POD_1301_No0.png
data_text_combine\images/POD_1301_No1.png
data_text_combine\images/POD_1302_No0.png
data_text_combine\images/POD_1302_No1.png
data_text_combine\images/POD_1303_No0.png
data_text_combine\images/POD_1303_No1.png
data_text_combine\images/POD_1304_No0.png
data_text_combine\images/POD_1304_No1.png
data_text_combine\images/POD_1305_No0.png
data_text_combine\images/POD_1305_No1.png
data_text_combine\images/POD_1306_No0.png
data_text_combine\images/POD_1306_No1.png
data_text_combine\images/POD_1307_No0.png
data_text_combine\images/POD_1307_No1.png
data_text_combine\images/POD_1308_No0.png
data_text_combine\images/POD_1308_No1.png
data_text_combine\images/POD_1309_No0.png
data_text_combine\images/POD_1309_No1.png
data_text_combine\images/POD_1310_No0.png
data_text_combine\images/POD_1310_No1.png
data_text_combine\images/POD_1311_No0.png
data_text_combine\images/POD_1311_No1.png
data_text_combine\images/POD_1312_No0.png
data_text_combine\images/POD_1312_No1.png
data_text_combine\images/POD_1313_No0.png
data_text_combine\images/POD_1313_No1.png
data_text_combine\images/POD_1314_No0.png
data_text_combine\images/POD_1314_No1.png
data_text_combine\images/POD_1315_No0.png
data_text_combine\images/POD_1315_No1.png
data_text_combine\images/POD_1316_No0.png
data_text_combine\images/POD_1316_No1.png
data_text_combine\images/POD_1317_No0.png
data_text_combine\images/POD_1317_No1.png
data_text_combine\images/POD_1318_No0.png
data_text_combine\images/POD_1318_No1.png
data_text_combine\images/POD_1319_No0.png
data_text_combine\images/POD_1319_No1.png
data_text_combine\images/POD_1320_No0.png
data_text_combine\images/POD_1320_No1.png
data_text_combine\images/POD_1321_No0.png
data_text_combine\images/POD_1321_No1.png
data_text_combine\images/POD_1322_No0.png
data_text_combine\images/POD_1322_No1.png
data_text_combine\images/POD_1323_No0.png
data_text_combine\images/POD_1323_No1.png
data_text_combine\images/POD_1324_No0.png
data_text_combine\images/POD_1324_No1.png
data_text_combine\images/POD_1325_No0.png
data_text_combine\images/POD_1325_No1.png
data_text_combine\images/POD_1326_No0.png
data_text_combine\images/POD_1326_No1.png
data_text_combine\images/POD_1327_No0.png
data_text_combine\images/POD_1327_No1.png
data_text_combine\images/POD_1328_No0.png
data_text_combine\images/POD_1328_No1.png
data_text_combine\images/POD_1329_No0.png
data_text_combine\images/POD_1329_No1.png
data_text_combine\images/POD_1330_No0.png
data_text_combine\images/POD_1330_No1.png
data_text_combine\images/POD_1331_No0.png
data_text_combine\images/POD_1331_No1.png
data_text_combine\images/POD_1332_No0.png
data_text_combine\images/POD_1332_No1.png
data_text_combine\images/POD_1333_No0.png
data_text_combine\images/POD_1333_No1.png
data_text_combine\images/POD_1334_No0.png
data_text_combine\images/POD_1334_No1.png
data_text_combine\images/POD_1335_No0.png
data_text_combine\images/POD_1335_No1.png
data_text_combine\images/POD_1336_No0.png
data_text_combine\images/POD_1336_No1.png
data_text_combine\images/POD_1337_No0.png
data_text_combine\images/POD_1337_No1.png
data_text_combine\images/POD_1338_No0.png
data_text_combine\images/POD_1338_No1.png
data_text_combine\images/POD_1339_No0.png
data_text_combine\images/POD_1339_No1.png
data_text_combine\images/POD_1340_No0.png
data_text_combine\images/POD_1340_No1.png
data_text_combine\images/POD_1341_No0.png
data_text_combine\images/POD_1341_No1.png
data_text_combine\images/POD_1342_No0.png
data_text_combine\images/POD_1342_No1.png
data_text_combine\images/POD_1343_No0.png
data_text_combine\images/POD_1343_No1.png
data_text_combine\images/POD_1344_No0.png
data_text_combine\images/POD_1344_No1.png
data_text_combine\images/POD_1345_No0.png
data_text_combine\images/POD_1345_No1.png
data_text_combine\images/POD_1346_No0.png
data_text_combine\images/POD_1346_No1.png
data_text_combine\images/POD_1347_No0.png
data_text_combine\images/POD_1347_No1.png
data_text_combine\images/POD_1348_No0.png
data_text_combine\images/POD_1348_No1.png
data_text_combine\images/POD_1349_No0.png
data_text_combine\images/POD_1349_No1.png
data_text_combine\images/POD_1350_No0.png
data_text_combine\images/POD_1350_No1.png
data_text_combine\images/POD_1351_No0.png
data_text_combine\images/POD_1351_No1.png
data_text_combine\images/POD_1352_No0.png
data_text_combine\images/POD_1352_No1.png
data_text_combine\images/POD_1353_No0.png
data_text_combine\images/POD_1353_No1.png
data_text_combine\images/POD_1354_No0.png
data_text_combine\images/POD_1354_No1.png
data_text_combine\images/POD_1355_No0.png
data_text_combine\images/POD_1355_No1.png
data_text_combine\images/POD_1356_No0.png
data_text_combine\images/POD_1356_No1.png
data_text_combine\images/POD_1357_No0.png
data_text_combine\images/POD_1357_No1.png
data_text_combine\images/POD_1358_No0.png
data_text_combine\images/POD_1358_No1.png
data_text_combine\images/POD_1359_No0.png
data_text_combine\images/POD_1359_No1.png
data_text_combine\images/POD_1360_No0.png
data_text_combine\images/POD_1360_No1.png
data_text_combine\images/POD_1361_No0.png
data_text_combine\images/POD_1361_No1.png
data_text_combine\images/POD_1362_No0.png
data_text_combine\images/POD_1362_No1.png
data_text_combine\images/POD_1363_No0.png
data_text_combine\images/POD_1363_No1.png
data_text_combine\images/POD_1364_No0.png
data_text_combine\images/POD_1364_No1.png
data_text_combine\images/POD_1365_No0.png
data_text_combine\images/POD_1365_No1.png
data_text_combine\images/POD_1366_No0.png
data_text_combine\images/POD_1366_No1.png
data_text_combine\images/POD_1367_No0.png
data_text_combine\images/POD_1367_No1.png
data_text_combine\images/POD_1368_No0.png
data_text_combine\images/POD_1368_No1.png
data_text_combine\images/POD_1369_No0.png
data_text_combine\images/POD_1369_No1.png
data_text_combine\images/POD_1370_No0.png
data_text_combine\images/POD_1370_No1.png
data_text_combine\images/POD_1371_No0.png
data_text_combine\images/POD_1371_No1.png
data_text_combine\images/POD_1372_No0.png
data_text_combine\images/POD_1372_No1.png
data_text_combine\images/POD_1373_No0.png
data_text_combine\images/POD_1373_No1.png
data_text_combine\images/POD_1374_No0.png
data_text_combine\images/POD_1374_No1.png
data_text_combine\images/POD_1375_No0.png
data_text_combine\images/POD_1375_No1.png
data_text_combine\images/POD_1376_No0.png
data_text_combine\images/POD_1376_No1.png
data_text_combine\images/POD_1377_No0.png
data_text_combine\images/POD_1377_No1.png
data_text_combine\images/POD_1378_No0.png
data_text_combine\images/POD_1378_No1.png
data_text_combine\images/POD_1379_No0.png
data_text_combine\images/POD_1379_No1.png
data_text_combine\images/POD_1380_No0.png
data_text_combine\images/POD_1380_No1.png
data_text_combine\images/POD_1381_No0.png
data_text_combine\images/POD_1381_No1.png
data_text_combine\images/POD_1382_No0.png
data_text_combine\images/POD_1382_No1.png
data_text_combine\images/POD_1383_No0.png
data_text_combine\images/POD_1383_No1.png
data_text_combine\images/POD_1384_No0.png
data_text_combine\images/POD_1384_No1.png
data_text_combine\images/POD_1385_No0.png
data_text_combine\images/POD_1385_No1.png
data_text_combine\images/POD_1386_No0.png
data_text_combine\images/POD_1386_No1.png
data_text_combine\images/POD_1387_No0.png
data_text_combine\images/POD_1387_No1.png
data_text_combine\images/POD_1388_No0.png
data_text_combine\images/POD_1388_No1.png
data_text_combine\images/POD_1389_No0.png
data_text_combine\images/POD_1389_No1.png
data_text_combine\images/POD_1390_No0.png
data_text_combine\images/POD_1390_No1.png
data_text_combine\images/POD_1391_No0.png
data_text_combine\images/POD_1391_No1.png
data_text_combine\images/POD_1392_No0.png
data_text_combine\images/POD_1392_No1.png
data_text_combine\images/POD_1393_No0.png
data_text_combine\images/POD_1393_No1.png
data_text_combine\images/POD_1394_No0.png
data_text_combine\images/POD_1394_No1.png
data_text_combine\images/POD_1395_No0.png
data_text_combine\images/POD_1395_No1.png
data_text_combine\images/POD_1396_No0.png
data_text_combine\images/POD_1396_No1.png
data_text_combine\images/POD_1397_No0.png
data_text_combine\images/POD_1397_No1.png
data_text_combine\images/POD_1398_No0.png
data_text_combine\images/POD_1398_No1.png
data_text_combine\images/POD_1399_No0.png
data_text_combine\images/POD_1399_No1.png
data_text_combine\images/POD_1400_No0.png
data_text_combine\images/POD_1400_No1.png
data_text_combine\images/POD_1401_No0.png
data_text_combine\images/POD_1401_No1.png
data_text_combine\images/POD_1402_No0.png
data_text_combine\images/POD_1402_No1.png
data_text_combine\images/POD_1403_No0.png
data_text_combine\images/POD_1403_No1.png
data_text_combine\images/POD_1404_No0.png
data_text_combine\images/POD_1404_No1.png
data_text_combine\images/POD_1405_No0.png
data_text_combine\images/POD_1405_No1.png
data_text_combine\images/POD_1406_No0.png
data_text_combine\images/POD_1406_No1.png
data_text_combine\images/POD_1407_No0.png
data_text_combine\images/POD_1407_No1.png
data_text_combine\images/POD_1408_No0.png
data_text_combine\images/POD_1408_No1.png
data_text_combine\images/POD_1409_No0.png
data_text_combine\images/POD_1409_No1.png
data_text_combine\images/POD_1410_No0.png
data_text_combine\images/POD_1410_No1.png
data_text_combine\images/POD_1411_No0.png
data_text_combine\images/POD_1411_No1.png
data_text_combine\images/POD_1412_No0.png
data_text_combine\images/POD_1412_No1.png
data_text_combine\images/POD_1413_No0.png
data_text_combine\images/POD_1413_No1.png
data_text_combine\images/POD_1414_No0.png
data_text_combine\images/POD_1414_No1.png
data_text_combine\images/POD_1415_No0.png
data_text_combine\images/POD_1415_No1.png
data_text_combine\images/POD_1416_No0.png
data_text_combine\images/POD_1416_No1.png
data_text_combine\images/POD_1417_No0.png
data_text_combine\images/POD_1417_No1.png
data_text_combine\images/POD_1418_No0.png
data_text_combine\images/POD_1418_No1.png
data_text_combine\images/POD_1419_No0.png
data_text_combine\images/POD_1419_No1.png
data_text_combine\images/POD_1420_No0.png
data_text_combine\images/POD_1420_No1.png
data_text_combine\images/POD_1421_No0.png
data_text_combine\images/POD_1421_No1.png
data_text_combine\images/POD_1422_No0.png
data_text_combine\images/POD_1422_No1.png
data_text_combine\images/POD_1423_No0.png
data_text_combine\images/POD_1423_No1.png
data_text_combine\images/POD_1424_No0.png
data_text_combine\images/POD_1424_No1.png
data_text_combine\images/POD_1425_No0.png
data_text_combine\images/POD_1425_No1.png
data_text_combine\images/POD_1426_No0.png
data_text_combine\images/POD_1426_No1.png
data_text_combine\images/POD_1427_No0.png
data_text_combine\images/POD_1427_No1.png
data_text_combine\images/POD_1428_No0.png
data_text_combine\images/POD_1428_No1.png
data_text_combine\images/POD_1429_No0.png
data_text_combine\images/POD_1429_No1.png
data_text_combine\images/POD_1430_No0.png
data_text_combine\images/POD_1430_No1.png
data_text_combine\images/POD_1431_No0.png
data_text_combine\images/POD_1431_No1.png
data_text_combine\images/POD_1432_No0.png
data_text_combine\images/POD_1432_No1.png
data_text_combine\images/POD_1433_No0.png
data_text_combine\images/POD_1433_No1.png
data_text_combine\images/POD_1434_No0.png
data_text_combine\images/POD_1434_No1.png
data_text_combine\images/POD_1435_No0.png
data_text_combine\images/POD_1435_No1.png
data_text_combine\images/POD_1436_No0.png
data_text_combine\images/POD_1436_No1.png
data_text_combine\images/POD_1437_No0.png
data_text_combine\images/POD_1437_No1.png
data_text_combine\images/POD_1438_No0.png
data_text_combine\images/POD_1438_No1.png
data_text_combine\images/POD_1439_No0.png
data_text_combine\images/POD_1439_No1.png
data_text_combine\images/POD_1440_No0.png
data_text_combine\images/POD_1440_No1.png
data_text_combine\images/POD_1441_No0.png
data_text_combine\images/POD_1441_No1.png
data_text_combine\images/POD_1442_No0.png
data_text_combine\images/POD_1442_No1.png
data_text_combine\images/POD_1443_No0.png
data_text_combine\images/POD_1443_No1.png
data_text_combine\images/POD_1444_No0.png
data_text_combine\images/POD_1444_No1.png
data_text_combine\images/POD_1445_No0.png
data_text_combine\images/POD_1445_No1.png
data_text_combine\images/POD_1446_No0.png
data_text_combine\images/POD_1446_No1.png
data_text_combine\images/POD_1447_No0.png
data_text_combine\images/POD_1447_No1.png
data_text_combine\images/POD_1448_No0.png
data_text_combine\images/POD_1448_No1.png
data_text_combine\images/POD_1449_No0.png
data_text_combine\images/POD_1449_No1.png
data_text_combine\images/POD_1450_No0.png
data_text_combine\images/POD_1450_No1.png
data_text_combine\images/POD_1451_No0.png
data_text_combine\images/POD_1451_No1.png
data_text_combine\images/POD_1452_No0.png
data_text_combine\images/POD_1452_No1.png
data_text_combine\images/POD_1453_No0.png
data_text_combine\images/POD_1453_No1.png
data_text_combine\images/POD_1454_No0.png
data_text_combine\images/POD_1454_No1.png
data_text_combine\images/POD_1455_No0.png
data_text_combine\images/POD_1455_No1.png
data_text_combine\images/POD_1456_No0.png
data_text_combine\images/POD_1456_No1.png
data_text_combine\images/POD_1457_No0.png
data_text_combine\images/POD_1457_No1.png
data_text_combine\images/POD_1458_No0.png
data_text_combine\images/POD_1458_No1.png
data_text_combine\images/POD_1459_No0.png
data_text_combine\images/POD_1459_No1.png
data_text_combine\images/POD_1460_No0.png
data_text_combine\images/POD_1460_No1.png
data_text_combine\images/POD_1461_No0.png
data_text_combine\images/POD_1461_No1.png
data_text_combine\images/POD_1462_No0.png
data_text_combine\images/POD_1462_No1.png
data_text_combine\images/POD_1463_No0.png
data_text_combine\images/POD_1463_No1.png
data_text_combine\images/POD_1464_No0.png
data_text_combine\images/POD_1464_No1.png
data_text_combine\images/POD_1465_No0.png
data_text_combine\images/POD_1465_No1.png
data_text_combine\images/POD_1466_No0.png
data_text_combine\images/POD_1466_No1.png
data_text_combine\images/POD_1467_No0.png
data_text_combine\images/POD_1467_No1.png
data_text_combine\images/POD_1468_No0.png
data_text_combine\images/POD_1468_No1.png
data_text_combine\images/POD_1469_No0.png
data_text_combine\images/POD_1469_No1.png
data_text_combine\images/POD_1470_No0.png
data_text_combine\images/POD_1470_No1.png
data_text_combine\images/POD_1471_No0.png
data_text_combine\images/POD_1471_No1.png
data_text_combine\images/POD_1472_No0.png
data_text_combine\images/POD_1472_No1.png
data_text_combine\images/POD_1473_No0.png
data_text_combine\images/POD_1473_No1.png
data_text_combine\images/POD_1474_No0.png
data_text_combine\images/POD_1474_No1.png
data_text_combine\images/POD_1475_No0.png
data_text_combine\images/POD_1475_No1.png
data_text_combine\images/POD_1476_No0.png
data_text_combine\images/POD_1476_No1.png
data_text_combine\images/POD_1477_No0.png
data_text_combine\images/POD_1477_No1.png
data_text_combine\images/POD_1478_No0.png
data_text_combine\images/POD_1478_No1.png
data_text_combine\images/POD_1479_No0.png
data_text_combine\images/POD_1479_No1.png
data_text_combine\images/POD_1480_No0.png
data_text_combine\images/POD_1480_No1.png
data_text_combine\images/POD_1481_No0.png
data_text_combine\images/POD_1481_No1.png
data_text_combine\images/POD_1482_No0.png
data_text_combine\images/POD_1482_No1.png
data_text_combine\images/POD_1483_No0.png
data_text_combine\images/POD_1483_No1.png
data_text_combine\images/POD_1484_No0.png
data_text_combine\images/POD_1484_No1.png
data_text_combine\images/POD_1485_No0.png
data_text_combine\images/POD_1485_No1.png
data_text_combine\images/POD_1486_No0.png
data_text_combine\images/POD_1486_No1.png
data_text_combine\images/POD_1487_No0.png
data_text_combine\images/POD_1487_No1.png
data_text_combine\images/POD_1488_No0.png
data_text_combine\images/POD_1488_No1.png
data_text_combine\images/POD_1489_No0.png
data_text_combine\images/POD_1489_No1.png
data_text_combine\images/POD_1490_No0.png
data_text_combine\images/POD_1490_No1.png
data_text_combine\images/POD_1491_No0.png
data_text_combine\images/POD_1491_No1.png
data_text_combine\images/POD_1492_No0.png
data_text_combine\images/POD_1492_No1.png
data_text_combine\images/POD_1493_No0.png
data_text_combine\images/POD_1493_No1.png
data_text_combine\images/POD_1494_No0.png
data_text_combine\images/POD_1494_No1.png
data_text_combine\images/POD_1495_No0.png
data_text_combine\images/POD_1495_No1.png
data_text_combine\images/POD_1496_No0.png
data_text_combine\images/POD_1496_No1.png
data_text_combine\images/POD_1497_No0.png
data_text_combine\images/POD_1497_No1.png
data_text_combine\images/POD_1498_No0.png
data_text_combine\images/POD_1498_No1.png
data_text_combine\images/POD_1499_No0.png
data_text_combine\images/POD_1499_No1.png
data_text_combine\images/POD_1500_No0.png
data_text_combine\images/POD_1500_No1.png
data_text_combine\images/POD_1501_No0.png
data_text_combine\images/POD_1501_No1.png
data_text_combine\images/POD_1502_No0.png
data_text_combine\images/POD_1502_No1.png
data_text_combine\images/POD_1503_No0.png
data_text_combine\images/POD_1503_No1.png
data_text_combine\images/POD_1504_No0.png
data_text_combine\images/POD_1504_No1.png
data_text_combine\images/POD_1505_No0.png
data_text_combine\images/POD_1505_No1.png
data_text_combine\images/POD_1506_No0.png
data_text_combine\images/POD_1506_No1.png
data_text_combine\images/POD_1507_No0.png
data_text_combine\images/POD_1507_No1.png
data_text_combine\images/POD_1508_No0.png
data_text_combine\images/POD_1508_No1.png
data_text_combine\images/POD_1509_No0.png
data_text_combine\images/POD_1509_No1.png
data_text_combine\images/POD_1510_No0.png
data_text_combine\images/POD_1510_No1.png
data_text_combine\images/POD_1511_No0.png
data_text_combine\images/POD_1511_No1.png
data_text_combine\images/POD_1512_No0.png
data_text_combine\images/POD_1512_No1.png
data_text_combine\images/POD_1513_No0.png
data_text_combine\images/POD_1513_No1.png
data_text_combine\images/POD_1514_No0.png
data_text_combine\images/POD_1514_No1.png
data_text_combine\images/POD_1515_No0.png
data_text_combine\images/POD_1515_No1.png
data_text_combine\images/POD_1516_No0.png
data_text_combine\images/POD_1516_No1.png
data_text_combine\images/POD_1517_No0.png
data_text_combine\images/POD_1517_No1.png
data_text_combine\images/POD_1518_No0.png
data_text_combine\images/POD_1518_No1.png
data_text_combine\images/POD_1519_No0.png
data_text_combine\images/POD_1519_No1.png
data_text_combine\images/POD_1520_No0.png
data_text_combine\images/POD_1520_No1.png
data_text_combine\images/POD_1521_No0.png
data_text_combine\images/POD_1521_No1.png
data_text_combine\images/POD_1522_No0.png
data_text_combine\images/POD_1522_No1.png
data_text_combine\images/POD_1523_No0.png
data_text_combine\images/POD_1523_No1.png
data_text_combine\images/POD_1524_No0.png
data_text_combine\images/POD_1524_No1.png
data_text_combine\images/POD_1525_No0.png
data_text_combine\images/POD_1525_No1.png
data_text_combine\images/POD_1526_No0.png
data_text_combine\images/POD_1526_No1.png
data_text_combine\images/POD_1527_No0.png
data_text_combine\images/POD_1527_No1.png
data_text_combine\images/POD_1528_No0.png
data_text_combine\images/POD_1528_No1.png
data_text_combine\images/POD_1529_No0.png
data_text_combine\images/POD_1529_No1.png
data_text_combine\images/POD_1530_No0.png
data_text_combine\images/POD_1530_No1.png
data_text_combine\images/POD_1531_No0.png
data_text_combine\images/POD_1531_No1.png
data_text_combine\images/POD_1532_No0.png
data_text_combine\images/POD_1532_No1.png
data_text_combine\images/POD_1533_No0.png
data_text_combine\images/POD_1533_No1.png
data_text_combine\images/POD_1534_No0.png
data_text_combine\images/POD_1534_No1.png
data_text_combine\images/POD_1535_No0.png
data_text_combine\images/POD_1535_No1.png
data_text_combine\images/POD_1536_No0.png
data_text_combine\images/POD_1536_No1.png
data_text_combine\images/POD_1537_No0.png
data_text_combine\images/POD_1537_No1.png
data_text_combine\images/POD_1538_No0.png
data_text_combine\images/POD_1538_No1.png
data_text_combine\images/POD_1539_No0.png
data_text_combine\images/POD_1539_No1.png
data_text_combine\images/POD_1540_No0.png
data_text_combine\images/POD_1540_No1.png
data_text_combine\images/POD_1541_No0.png
data_text_combine\images/POD_1541_No1.png
data_text_combine\images/POD_1542_No0.png
data_text_combine\images/POD_1542_No1.png
data_text_combine\images/POD_1543_No0.png
data_text_combine\images/POD_1543_No1.png
data_text_combine\images/POD_1544_No0.png
data_text_combine\images/POD_1544_No1.png
data_text_combine\images/POD_1545_No0.png
data_text_combine\images/POD_1545_No1.png
data_text_combine\images/POD_1546_No0.png
data_text_combine\images/POD_1546_No1.png
data_text_combine\images/POD_1547_No0.png
data_text_combine\images/POD_1547_No1.png
data_text_combine\images/POD_1548_No0.png
data_text_combine\images/POD_1548_No1.png
data_text_combine\images/POD_1549_No0.png
data_text_combine\images/POD_1549_No1.png
data_text_combine\images/POD_1550_No0.png
data_text_combine\images/POD_1550_No1.png
data_text_combine\images/POD_1551_No0.png
data_text_combine\images/POD_1551_No1.png
data_text_combine\images/POD_1552_No0.png
data_text_combine\images/POD_1552_No1.png
data_text_combine\images/POD_1553_No0.png
data_text_combine\images/POD_1553_No1.png
data_text_combine\images/POD_1554_No0.png
data_text_combine\images/POD_1554_No1.png
data_text_combine\images/POD_1555_No0.png
data_text_combine\images/POD_1555_No1.png
data_text_combine\images/POD_1556_No0.png
data_text_combine\images/POD_1556_No1.png
data_text_combine\images/POD_1557_No0.png
data_text_combine\images/POD_1557_No1.png
data_text_combine\images/POD_1558_No0.png
data_text_combine\images/POD_1558_No1.png
data_text_combine\images/POD_1559_No0.png
data_text_combine\images/POD_1559_No1.png
data_text_combine\images/POD_1560_No0.png
data_text_combine\images/POD_1560_No1.png
data_text_combine\images/POD_1561_No0.png
data_text_combine\images/POD_1561_No1.png
data_text_combine\images/POD_1562_No0.png
data_text_combine\images/POD_1562_No1.png
data_text_combine\images/POD_1563_No0.png
data_text_combine\images/POD_1563_No1.png
data_text_combine\images/POD_1564_No0.png
data_text_combine\images/POD_1564_No1.png
data_text_combine\images/POD_1565_No0.png
data_text_combine\images/POD_1565_No1.png
data_text_combine\images/POD_1566_No0.png
data_text_combine\images/POD_1566_No1.png
data_text_combine\images/POD_1567_No0.png
data_text_combine\images/POD_1567_No1.png
data_text_combine\images/POD_1568_No0.png
data_text_combine\images/POD_1568_No1.png
data_text_combine\images/POD_1569_No0.png
data_text_combine\images/POD_1569_No1.png
data_text_combine\images/POD_1570_No0.png
data_text_combine\images/POD_1570_No1.png
data_text_combine\images/POD_1571_No0.png
data_text_combine\images/POD_1571_No1.png
data_text_combine\images/POD_1572_No0.png
data_text_combine\images/POD_1572_No1.png
data_text_combine\images/POD_1573_No0.png
data_text_combine\images/POD_1573_No1.png
data_text_combine\images/POD_1574_No0.png
data_text_combine\images/POD_1574_No1.png
data_text_combine\images/POD_1575_No0.png
data_text_combine\images/POD_1575_No1.png
data_text_combine\images/POD_1576_No0.png
data_text_combine\images/POD_1576_No1.png
data_text_combine\images/POD_1577_No0.png
data_text_combine\images/POD_1577_No1.png
data_text_combine\images/POD_1578_No0.png
data_text_combine\images/POD_1578_No1.png
data_text_combine\images/POD_1579_No0.png
data_text_combine\images/POD_1579_No1.png
data_text_combine\images/POD_1580_No0.png
data_text_combine\images/POD_1580_No1.png
data_text_combine\images/POD_1581_No0.png
data_text_combine\images/POD_1581_No1.png
data_text_combine\images/POD_1582_No0.png
data_text_combine\images/POD_1582_No1.png
data_text_combine\images/POD_1583_No0.png
data_text_combine\images/POD_1583_No1.png
data_text_combine\images/POD_1584_No0.png
data_text_combine\images/POD_1584_No1.png
data_text_combine\images/POD_1585_No0.png
data_text_combine\images/POD_1585_No1.png
data_text_combine\images/POD_1586_No0.png
data_text_combine\images/POD_1586_No1.png
data_text_combine\images/POD_1587_No0.png
data_text_combine\images/POD_1587_No1.png
data_text_combine\images/POD_1588_No0.png
data_text_combine\images/POD_1588_No1.png
data_text_combine\images/POD_1589_No0.png
data_text_combine\images/POD_1589_No1.png
data_text_combine\images/POD_1590_No0.png
data_text_combine\images/POD_1590_No1.png
data_text_combine\images/POD_1591_No0.png
data_text_combine\images/POD_1591_No1.png
data_text_combine\images/POD_1592_No0.png
data_text_combine\images/POD_1592_No1.png
data_text_combine\images/POD_1593_No0.png
data_text_combine\images/POD_1593_No1.png
data_text_combine\images/POD_1594_No0.png
data_text_combine\images/POD_1594_No1.png
data_text_combine\images/POD_1595_No0.png
data_text_combine\images/POD_1595_No1.png
data_text_combine\images/POD_1596_No0.png
data_text_combine\images/POD_1596_No1.png
data_text_combine\images/POD_1597_No0.png
data_text_combine\images/POD_1597_No1.png
data_text_combine\images/POD_1598_No0.png
data_text_combine\images/POD_1598_No1.png
data_text_combine\images/POD_1599_No0.png
data_text_combine\images/POD_1599_No1.png
