./data/data_text_combine/images/POD_1217_No1.png
./data/data_text_combine/images/POD_1409_No0.png
./data/data_text_combine/images/POD_1245_No1.png
./data/data_text_combine/images/POD_0501_No0.png
./data/data_text_combine/images/POD_0004_No0.png
./data/data_text_combine/images/POD_0886_No1.png
./data/data_text_combine/images/POD_0720_No0.png
./data/data_text_combine/images/POD_0551_No0.png
./data/data_text_combine/images/POD_0526_No1.png
./data/data_text_combine/images/POD_1004_No1.png
./data/data_text_combine/images/POD_0570_No0.png
./data/data_text_combine/images/POD_0012_No1.png
./data/data_text_combine/images/POD_0194_No0.png
./data/data_text_combine/images/POD_1181_No1.png
./data/data_text_combine/images/POD_1331_No0.png
./data/data_text_combine/images/POD_1267_No0.png
./data/data_text_combine/images/POD_1020_No0.png
./data/data_text_combine/images/POD_0993_No0.png
./data/data_text_combine/images/POD_1053_No1.png
./data/data_text_combine/images/POD_1269_No1.png
./data/data_text_combine/images/POD_1215_No1.png
./data/data_text_combine/images/POD_0357_No1.png
./data/data_text_combine/images/POD_0789_No1.png
./data/data_text_combine/images/POD_0012_No0.png
./data/data_text_combine/images/POD_0830_No0.png
./data/data_text_combine/images/POD_0291_No1.png
./data/data_text_combine/images/POD_1394_No1.png
./data/data_text_combine/images/POD_0385_No0.png
./data/data_text_combine/images/POD_0703_No0.png
./data/data_text_combine/images/POD_1128_No0.png
./data/data_text_combine/images/POD_1013_No0.png
./data/data_text_combine/images/POD_0743_No1.png
./data/data_text_combine/images/POD_0703_No1.png
./data/data_text_combine/images/POD_1460_No0.png
./data/data_text_combine/images/POD_0062_No0.png
./data/data_text_combine/images/POD_0152_No0.png
./data/data_text_combine/images/POD_1497_No0.png
./data/data_text_combine/images/POD_1406_No0.png
./data/data_text_combine/images/POD_0512_No1.png
./data/data_text_combine/images/POD_0301_No0.png
./data/data_text_combine/images/POD_0125_No0.png
./data/data_text_combine/images/POD_0565_No0.png
./data/data_text_combine/images/POD_0715_No1.png
./data/data_text_combine/images/POD_1124_No0.png
./data/data_text_combine/images/POD_1218_No0.png
./data/data_text_combine/images/POD_1160_No0.png
./data/data_text_combine/images/POD_1536_No1.png
./data/data_text_combine/images/POD_0221_No0.png
./data/data_text_combine/images/POD_0184_No0.png
./data/data_text_combine/images/POD_0608_No1.png
./data/data_text_combine/images/POD_1347_No0.png
./data/data_text_combine/images/POD_1214_No0.png
./data/data_text_combine/images/POD_1597_No0.png
./data/data_text_combine/images/POD_0952_No1.png
./data/data_text_combine/images/POD_0300_No1.png
./data/data_text_combine/images/POD_1403_No1.png
./data/data_text_combine/images/POD_0458_No1.png
./data/data_text_combine/images/POD_1306_No1.png
./data/data_text_combine/images/POD_0735_No0.png
./data/data_text_combine/images/POD_0077_No0.png
./data/data_text_combine/images/POD_0993_No1.png
./data/data_text_combine/images/POD_1534_No1.png
./data/data_text_combine/images/POD_0674_No1.png
./data/data_text_combine/images/POD_0640_No1.png
./data/data_text_combine/images/POD_0327_No0.png
./data/data_text_combine/images/POD_1130_No0.png
./data/data_text_combine/images/POD_0255_No0.png
./data/data_text_combine/images/POD_0788_No0.png
./data/data_text_combine/images/POD_0573_No1.png
./data/data_text_combine/images/POD_0499_No1.png
./data/data_text_combine/images/POD_0163_No0.png
./data/data_text_combine/images/POD_1279_No0.png
./data/data_text_combine/images/POD_0700_No1.png
./data/data_text_combine/images/POD_0261_No0.png
./data/data_text_combine/images/POD_0588_No1.png
./data/data_text_combine/images/POD_0953_No0.png
./data/data_text_combine/images/POD_1407_No0.png
./data/data_text_combine/images/POD_1084_No0.png
./data/data_text_combine/images/POD_0942_No1.png
./data/data_text_combine/images/POD_0853_No1.png
./data/data_text_combine/images/POD_0765_No0.png
./data/data_text_combine/images/POD_1224_No0.png
./data/data_text_combine/images/POD_0202_No1.png
./data/data_text_combine/images/POD_0183_No0.png
./data/data_text_combine/images/POD_1521_No0.png
./data/data_text_combine/images/POD_0810_No0.png
./data/data_text_combine/images/POD_0611_No1.png
./data/data_text_combine/images/POD_0280_No1.png
./data/data_text_combine/images/POD_0395_No0.png
./data/data_text_combine/images/POD_0187_No1.png
./data/data_text_combine/images/POD_0263_No1.png
./data/data_text_combine/images/POD_0621_No1.png
./data/data_text_combine/images/POD_1268_No1.png
./data/data_text_combine/images/POD_0005_No0.png
./data/data_text_combine/images/POD_0160_No0.png
./data/data_text_combine/images/POD_0421_No1.png
./data/data_text_combine/images/POD_0748_No1.png
./data/data_text_combine/images/POD_1134_No1.png
./data/data_text_combine/images/POD_1594_No0.png
./data/data_text_combine/images/POD_0372_No0.png
./data/data_text_combine/images/POD_0455_No1.png
./data/data_text_combine/images/POD_1125_No0.png
./data/data_text_combine/images/POD_1568_No0.png
./data/data_text_combine/images/POD_0082_No1.png
./data/data_text_combine/images/POD_0130_No0.png
./data/data_text_combine/images/POD_0573_No0.png
./data/data_text_combine/images/POD_0849_No0.png
./data/data_text_combine/images/POD_0419_No0.png
./data/data_text_combine/images/POD_0610_No0.png
./data/data_text_combine/images/POD_0894_No1.png
./data/data_text_combine/images/POD_0091_No0.png
./data/data_text_combine/images/POD_0783_No1.png
./data/data_text_combine/images/POD_0520_No0.png
./data/data_text_combine/images/POD_0105_No1.png
./data/data_text_combine/images/POD_1349_No1.png
./data/data_text_combine/images/POD_1298_No1.png
./data/data_text_combine/images/POD_0329_No1.png
./data/data_text_combine/images/POD_1584_No1.png
./data/data_text_combine/images/POD_0189_No0.png
./data/data_text_combine/images/POD_0008_No0.png
./data/data_text_combine/images/POD_1566_No0.png
./data/data_text_combine/images/POD_0569_No0.png
./data/data_text_combine/images/POD_0319_No0.png
./data/data_text_combine/images/POD_1244_No0.png
./data/data_text_combine/images/POD_1546_No1.png
./data/data_text_combine/images/POD_1133_No1.png
./data/data_text_combine/images/POD_0423_No0.png
./data/data_text_combine/images/POD_0351_No0.png
./data/data_text_combine/images/POD_0251_No1.png
./data/data_text_combine/images/POD_0936_No1.png
./data/data_text_combine/images/POD_0556_No1.png
./data/data_text_combine/images/POD_0737_No0.png
./data/data_text_combine/images/POD_0080_No0.png
./data/data_text_combine/images/POD_0065_No0.png
./data/data_text_combine/images/POD_0077_No1.png
./data/data_text_combine/images/POD_1524_No0.png
./data/data_text_combine/images/POD_0590_No0.png
./data/data_text_combine/images/POD_0924_No1.png
./data/data_text_combine/images/POD_0118_No1.png
./data/data_text_combine/images/POD_0600_No1.png
./data/data_text_combine/images/POD_0074_No1.png
./data/data_text_combine/images/POD_1431_No0.png
./data/data_text_combine/images/POD_0232_No1.png
./data/data_text_combine/images/POD_0334_No1.png
./data/data_text_combine/images/POD_0876_No0.png
./data/data_text_combine/images/POD_0795_No1.png
./data/data_text_combine/images/POD_0761_No0.png
./data/data_text_combine/images/POD_0479_No0.png
./data/data_text_combine/images/POD_1231_No0.png
./data/data_text_combine/images/POD_1377_No1.png
./data/data_text_combine/images/POD_0622_No0.png
./data/data_text_combine/images/POD_0954_No1.png
./data/data_text_combine/images/POD_0161_No0.png
./data/data_text_combine/images/POD_1342_No0.png
./data/data_text_combine/images/POD_0851_No1.png
./data/data_text_combine/images/POD_1140_No1.png
./data/data_text_combine/images/POD_0308_No0.png
./data/data_text_combine/images/POD_0545_No0.png
./data/data_text_combine/images/POD_0135_No1.png
./data/data_text_combine/images/POD_0478_No1.png
./data/data_text_combine/images/POD_0478_No0.png
./data/data_text_combine/images/POD_0169_No0.png
./data/data_text_combine/images/POD_1174_No1.png
./data/data_text_combine/images/POD_1014_No1.png
./data/data_text_combine/images/POD_0655_No0.png
./data/data_text_combine/images/POD_0836_No1.png
./data/data_text_combine/images/POD_0675_No0.png
./data/data_text_combine/images/POD_0037_No0.png
./data/data_text_combine/images/POD_1219_No1.png
./data/data_text_combine/images/POD_0802_No0.png
./data/data_text_combine/images/POD_0553_No1.png
./data/data_text_combine/images/POD_0980_No0.png
./data/data_text_combine/images/POD_0303_No1.png
./data/data_text_combine/images/POD_0697_No1.png
./data/data_text_combine/images/POD_1510_No0.png
./data/data_text_combine/images/POD_1146_No0.png
./data/data_text_combine/images/POD_1376_No1.png
./data/data_text_combine/images/POD_0560_No0.png
./data/data_text_combine/images/POD_0197_No1.png
./data/data_text_combine/images/POD_0617_No1.png
./data/data_text_combine/images/POD_0435_No1.png
./data/data_text_combine/images/POD_1129_No1.png
./data/data_text_combine/images/POD_0787_No1.png
./data/data_text_combine/images/POD_1313_No1.png
./data/data_text_combine/images/POD_0755_No1.png
./data/data_text_combine/images/POD_0132_No0.png
./data/data_text_combine/images/POD_0564_No1.png
./data/data_text_combine/images/POD_0093_No1.png
./data/data_text_combine/images/POD_0662_No1.png
./data/data_text_combine/images/POD_0944_No1.png
./data/data_text_combine/images/POD_0298_No1.png
./data/data_text_combine/images/POD_0649_No1.png
./data/data_text_combine/images/POD_0787_No0.png
./data/data_text_combine/images/POD_0866_No1.png
./data/data_text_combine/images/POD_0386_No0.png
./data/data_text_combine/images/POD_0714_No1.png
./data/data_text_combine/images/POD_0525_No1.png
./data/data_text_combine/images/POD_0872_No1.png
./data/data_text_combine/images/POD_0063_No0.png
./data/data_text_combine/images/POD_1386_No0.png
./data/data_text_combine/images/POD_0372_No1.png
./data/data_text_combine/images/POD_0945_No1.png
./data/data_text_combine/images/POD_0747_No1.png
./data/data_text_combine/images/POD_0784_No0.png
./data/data_text_combine/images/POD_0046_No1.png
./data/data_text_combine/images/POD_1225_No1.png
./data/data_text_combine/images/POD_0316_No1.png
./data/data_text_combine/images/POD_1392_No1.png
./data/data_text_combine/images/POD_0890_No1.png
./data/data_text_combine/images/POD_0147_No1.png
./data/data_text_combine/images/POD_1002_No1.png
./data/data_text_combine/images/POD_0432_No0.png
./data/data_text_combine/images/POD_1390_No1.png
./data/data_text_combine/images/POD_0922_No1.png
./data/data_text_combine/images/POD_0268_No1.png
./data/data_text_combine/images/POD_0552_No0.png
./data/data_text_combine/images/POD_0451_No1.png
./data/data_text_combine/images/POD_1263_No0.png
./data/data_text_combine/images/POD_1323_No0.png
./data/data_text_combine/images/POD_0407_No0.png
./data/data_text_combine/images/POD_1574_No0.png
./data/data_text_combine/images/POD_1559_No0.png
./data/data_text_combine/images/POD_0521_No0.png
./data/data_text_combine/images/POD_1497_No1.png
./data/data_text_combine/images/POD_0008_No1.png
./data/data_text_combine/images/POD_0550_No0.png
./data/data_text_combine/images/POD_0147_No0.png
./data/data_text_combine/images/POD_0000_No1.png
./data/data_text_combine/images/POD_0933_No0.png
./data/data_text_combine/images/POD_0381_No1.png
./data/data_text_combine/images/POD_0650_No1.png
./data/data_text_combine/images/POD_0154_No0.png
./data/data_text_combine/images/POD_0255_No1.png
./data/data_text_combine/images/POD_1396_No1.png
./data/data_text_combine/images/POD_0763_No0.png
./data/data_text_combine/images/POD_0079_No1.png
./data/data_text_combine/images/POD_1144_No0.png
./data/data_text_combine/images/POD_0069_No1.png
./data/data_text_combine/images/POD_1501_No1.png
./data/data_text_combine/images/POD_1441_No0.png
./data/data_text_combine/images/POD_1167_No0.png
./data/data_text_combine/images/POD_0711_No0.png
./data/data_text_combine/images/POD_1139_No1.png
./data/data_text_combine/images/POD_0693_No1.png
./data/data_text_combine/images/POD_0389_No1.png
./data/data_text_combine/images/POD_1156_No1.png
./data/data_text_combine/images/POD_1504_No0.png
./data/data_text_combine/images/POD_0071_No1.png
./data/data_text_combine/images/POD_1151_No0.png
./data/data_text_combine/images/POD_0206_No0.png
./data/data_text_combine/images/POD_0142_No1.png
./data/data_text_combine/images/POD_1157_No1.png
./data/data_text_combine/images/POD_1353_No1.png
./data/data_text_combine/images/POD_0491_No1.png
./data/data_text_combine/images/POD_1098_No1.png
./data/data_text_combine/images/POD_0416_No0.png
./data/data_text_combine/images/POD_1516_No1.png
./data/data_text_combine/images/POD_0883_No0.png
./data/data_text_combine/images/POD_0095_No1.png
./data/data_text_combine/images/POD_0026_No1.png
./data/data_text_combine/images/POD_1030_No1.png
./data/data_text_combine/images/POD_0482_No0.png
./data/data_text_combine/images/POD_1397_No1.png
./data/data_text_combine/images/POD_1046_No1.png
./data/data_text_combine/images/POD_0568_No0.png
./data/data_text_combine/images/POD_1074_No1.png
./data/data_text_combine/images/POD_0718_No1.png
./data/data_text_combine/images/POD_0881_No1.png
./data/data_text_combine/images/POD_0352_No0.png
./data/data_text_combine/images/POD_0429_No0.png
./data/data_text_combine/images/POD_0946_No1.png
./data/data_text_combine/images/POD_1475_No1.png
./data/data_text_combine/images/POD_0585_No0.png
./data/data_text_combine/images/POD_0287_No1.png
./data/data_text_combine/images/POD_1064_No0.png
./data/data_text_combine/images/POD_0079_No0.png
./data/data_text_combine/images/POD_0549_No0.png
./data/data_text_combine/images/POD_0349_No0.png
./data/data_text_combine/images/POD_0338_No1.png
./data/data_text_combine/images/POD_1085_No1.png
./data/data_text_combine/images/POD_0033_No1.png
./data/data_text_combine/images/POD_0251_No0.png
./data/data_text_combine/images/POD_1158_No0.png
./data/data_text_combine/images/POD_0076_No1.png
./data/data_text_combine/images/POD_0758_No1.png
./data/data_text_combine/images/POD_0685_No0.png
./data/data_text_combine/images/POD_0971_No0.png
./data/data_text_combine/images/POD_0532_No0.png
./data/data_text_combine/images/POD_0959_No1.png
./data/data_text_combine/images/POD_0505_No0.png
./data/data_text_combine/images/POD_1326_No1.png
./data/data_text_combine/images/POD_1558_No0.png
./data/data_text_combine/images/POD_0231_No0.png
./data/data_text_combine/images/POD_0937_No0.png
./data/data_text_combine/images/POD_1288_No1.png
./data/data_text_combine/images/POD_1426_No0.png
./data/data_text_combine/images/POD_0518_No0.png
./data/data_text_combine/images/POD_0030_No0.png
./data/data_text_combine/images/POD_0322_No1.png
./data/data_text_combine/images/POD_1288_No0.png
./data/data_text_combine/images/POD_1273_No1.png
./data/data_text_combine/images/POD_0646_No0.png
./data/data_text_combine/images/POD_0061_No1.png
./data/data_text_combine/images/POD_0651_No1.png
./data/data_text_combine/images/POD_0470_No0.png
./data/data_text_combine/images/POD_1503_No0.png
./data/data_text_combine/images/POD_1525_No0.png
./data/data_text_combine/images/POD_1506_No0.png
./data/data_text_combine/images/POD_1438_No0.png
./data/data_text_combine/images/POD_0994_No0.png
./data/data_text_combine/images/POD_0927_No0.png
./data/data_text_combine/images/POD_0205_No1.png
./data/data_text_combine/images/POD_0965_No0.png
./data/data_text_combine/images/POD_1590_No0.png
./data/data_text_combine/images/POD_0808_No1.png
./data/data_text_combine/images/POD_0052_No1.png
./data/data_text_combine/images/POD_0282_No1.png
./data/data_text_combine/images/POD_0288_No1.png
./data/data_text_combine/images/POD_0739_No0.png
./data/data_text_combine/images/POD_1145_No0.png
./data/data_text_combine/images/POD_0460_No1.png
./data/data_text_combine/images/POD_0279_No1.png
./data/data_text_combine/images/POD_1485_No0.png
./data/data_text_combine/images/POD_0998_No1.png
./data/data_text_combine/images/POD_0413_No1.png
./data/data_text_combine/images/POD_0896_No0.png
./data/data_text_combine/images/POD_0921_No0.png
./data/data_text_combine/images/POD_0075_No1.png
./data/data_text_combine/images/POD_1526_No0.png
./data/data_text_combine/images/POD_0464_No1.png
./data/data_text_combine/images/POD_0503_No1.png
./data/data_text_combine/images/POD_1409_No1.png
./data/data_text_combine/images/POD_0670_No1.png
./data/data_text_combine/images/POD_1335_No1.png
./data/data_text_combine/images/POD_0536_No1.png
./data/data_text_combine/images/POD_0155_No1.png
./data/data_text_combine/images/POD_0864_No0.png
./data/data_text_combine/images/POD_0955_No0.png
./data/data_text_combine/images/POD_0704_No1.png
./data/data_text_combine/images/POD_1191_No1.png
./data/data_text_combine/images/POD_0777_No1.png
./data/data_text_combine/images/POD_1092_No1.png
./data/data_text_combine/images/POD_0653_No0.png
./data/data_text_combine/images/POD_0916_No1.png
./data/data_text_combine/images/POD_1044_No0.png
./data/data_text_combine/images/POD_0834_No0.png
./data/data_text_combine/images/POD_0850_No0.png
./data/data_text_combine/images/POD_1312_No0.png
./data/data_text_combine/images/POD_1163_No0.png
./data/data_text_combine/images/POD_1203_No1.png
./data/data_text_combine/images/POD_0645_No0.png
./data/data_text_combine/images/POD_1184_No0.png
./data/data_text_combine/images/POD_0316_No0.png
./data/data_text_combine/images/POD_0234_No0.png
./data/data_text_combine/images/POD_0395_No1.png
./data/data_text_combine/images/POD_0948_No0.png
./data/data_text_combine/images/POD_0149_No0.png
./data/data_text_combine/images/POD_1391_No1.png
./data/data_text_combine/images/POD_0164_No0.png
./data/data_text_combine/images/POD_0910_No0.png
./data/data_text_combine/images/POD_0028_No1.png
./data/data_text_combine/images/POD_1375_No1.png
./data/data_text_combine/images/POD_0912_No1.png
./data/data_text_combine/images/POD_0191_No1.png
./data/data_text_combine/images/POD_0969_No1.png
./data/data_text_combine/images/POD_0915_No0.png
./data/data_text_combine/images/POD_0348_No0.png
./data/data_text_combine/images/POD_1189_No1.png
./data/data_text_combine/images/POD_0970_No1.png
./data/data_text_combine/images/POD_0055_No0.png
./data/data_text_combine/images/POD_1176_No1.png
./data/data_text_combine/images/POD_0448_No1.png
./data/data_text_combine/images/POD_1539_No0.png
./data/data_text_combine/images/POD_1070_No1.png
./data/data_text_combine/images/POD_0977_No0.png
./data/data_text_combine/images/POD_1091_No0.png
./data/data_text_combine/images/POD_1508_No1.png
./data/data_text_combine/images/POD_0032_No0.png
./data/data_text_combine/images/POD_0679_No0.png
./data/data_text_combine/images/POD_1563_No1.png
./data/data_text_combine/images/POD_1247_No1.png
./data/data_text_combine/images/POD_0580_No0.png
./data/data_text_combine/images/POD_0678_No0.png
./data/data_text_combine/images/POD_1541_No0.png
./data/data_text_combine/images/POD_0634_No1.png
./data/data_text_combine/images/POD_0071_No0.png
./data/data_text_combine/images/POD_0897_No1.png
./data/data_text_combine/images/POD_0322_No0.png
./data/data_text_combine/images/POD_0002_No0.png
./data/data_text_combine/images/POD_0753_No1.png
./data/data_text_combine/images/POD_1413_No0.png
./data/data_text_combine/images/POD_1000_No0.png
./data/data_text_combine/images/POD_0802_No1.png
./data/data_text_combine/images/POD_0168_No0.png
./data/data_text_combine/images/POD_0658_No1.png
./data/data_text_combine/images/POD_0988_No1.png
./data/data_text_combine/images/POD_0286_No1.png
./data/data_text_combine/images/POD_0483_No0.png
./data/data_text_combine/images/POD_1305_No0.png
./data/data_text_combine/images/POD_0742_No1.png
./data/data_text_combine/images/POD_0625_No0.png
./data/data_text_combine/images/POD_1217_No0.png
./data/data_text_combine/images/POD_0644_No0.png
./data/data_text_combine/images/POD_0399_No1.png
./data/data_text_combine/images/POD_0092_No1.png
./data/data_text_combine/images/POD_1276_No0.png
./data/data_text_combine/images/POD_0495_No0.png
./data/data_text_combine/images/POD_0672_No0.png
./data/data_text_combine/images/POD_1344_No1.png
./data/data_text_combine/images/POD_0037_No1.png
./data/data_text_combine/images/POD_0723_No0.png
./data/data_text_combine/images/POD_0246_No0.png
./data/data_text_combine/images/POD_0722_No0.png
./data/data_text_combine/images/POD_0894_No0.png
./data/data_text_combine/images/POD_0652_No1.png
./data/data_text_combine/images/POD_1030_No0.png
./data/data_text_combine/images/POD_0688_No0.png
./data/data_text_combine/images/POD_1557_No1.png
./data/data_text_combine/images/POD_0950_No1.png
./data/data_text_combine/images/POD_0816_No0.png
./data/data_text_combine/images/POD_0545_No1.png
./data/data_text_combine/images/POD_0865_No1.png
./data/data_text_combine/images/POD_0274_No0.png
./data/data_text_combine/images/POD_0020_No0.png
./data/data_text_combine/images/POD_0053_No0.png
./data/data_text_combine/images/POD_1333_No1.png
./data/data_text_combine/images/POD_1387_No1.png
./data/data_text_combine/images/POD_0796_No0.png
./data/data_text_combine/images/POD_0341_No1.png
./data/data_text_combine/images/POD_0005_No1.png
./data/data_text_combine/images/POD_1373_No0.png
./data/data_text_combine/images/POD_1297_No0.png
./data/data_text_combine/images/POD_0680_No0.png
./data/data_text_combine/images/POD_1108_No1.png
./data/data_text_combine/images/POD_0274_No1.png
./data/data_text_combine/images/POD_0271_No1.png
./data/data_text_combine/images/POD_1132_No1.png
./data/data_text_combine/images/POD_1119_No1.png
./data/data_text_combine/images/POD_0448_No0.png
./data/data_text_combine/images/POD_0824_No0.png
./data/data_text_combine/images/POD_0919_No1.png
./data/data_text_combine/images/POD_1007_No0.png
./data/data_text_combine/images/POD_0240_No1.png
./data/data_text_combine/images/POD_1345_No1.png
./data/data_text_combine/images/POD_0713_No1.png
./data/data_text_combine/images/POD_1399_No1.png
./data/data_text_combine/images/POD_0263_No0.png
./data/data_text_combine/images/POD_0527_No0.png
./data/data_text_combine/images/POD_0229_No0.png
./data/data_text_combine/images/POD_0721_No1.png
./data/data_text_combine/images/POD_0471_No0.png
./data/data_text_combine/images/POD_0116_No0.png
./data/data_text_combine/images/POD_0657_No0.png
./data/data_text_combine/images/POD_1451_No0.png
./data/data_text_combine/images/POD_1292_No0.png
./data/data_text_combine/images/POD_0222_No0.png
./data/data_text_combine/images/POD_0522_No1.png
./data/data_text_combine/images/POD_1440_No0.png
./data/data_text_combine/images/POD_0554_No0.png
./data/data_text_combine/images/POD_0319_No1.png
./data/data_text_combine/images/POD_1386_No1.png
./data/data_text_combine/images/POD_0972_No0.png
./data/data_text_combine/images/POD_1384_No1.png
./data/data_text_combine/images/POD_1433_No1.png
./data/data_text_combine/images/POD_0718_No0.png
./data/data_text_combine/images/POD_0732_No1.png
./data/data_text_combine/images/POD_1338_No0.png
./data/data_text_combine/images/POD_1068_No0.png
./data/data_text_combine/images/POD_0152_No1.png
./data/data_text_combine/images/POD_1489_No0.png
./data/data_text_combine/images/POD_0596_No1.png
./data/data_text_combine/images/POD_1256_No1.png
./data/data_text_combine/images/POD_1344_No0.png
./data/data_text_combine/images/POD_0775_No1.png
./data/data_text_combine/images/POD_0981_No0.png
./data/data_text_combine/images/POD_1450_No1.png
./data/data_text_combine/images/POD_1104_No0.png
./data/data_text_combine/images/POD_1333_No0.png
./data/data_text_combine/images/POD_0214_No1.png
./data/data_text_combine/images/POD_0782_No0.png
./data/data_text_combine/images/POD_1081_No0.png
./data/data_text_combine/images/POD_0870_No1.png
./data/data_text_combine/images/POD_1545_No1.png
./data/data_text_combine/images/POD_0360_No0.png
./data/data_text_combine/images/POD_1289_No0.png
./data/data_text_combine/images/POD_0033_No0.png
./data/data_text_combine/images/POD_0817_No0.png
./data/data_text_combine/images/POD_0509_No0.png
./data/data_text_combine/images/POD_1317_No0.png
./data/data_text_combine/images/POD_0030_No1.png
./data/data_text_combine/images/POD_0359_No0.png
./data/data_text_combine/images/POD_0155_No0.png
./data/data_text_combine/images/POD_0852_No0.png
./data/data_text_combine/images/POD_0747_No0.png
./data/data_text_combine/images/POD_0318_No1.png
./data/data_text_combine/images/POD_0561_No1.png
./data/data_text_combine/images/POD_0562_No0.png
./data/data_text_combine/images/POD_0797_No0.png
./data/data_text_combine/images/POD_0513_No1.png
./data/data_text_combine/images/POD_1363_No0.png
./data/data_text_combine/images/POD_1574_No1.png
./data/data_text_combine/images/POD_0788_No1.png
./data/data_text_combine/images/POD_0803_No1.png
./data/data_text_combine/images/POD_0218_No1.png
./data/data_text_combine/images/POD_0088_No1.png
./data/data_text_combine/images/POD_0760_No1.png
./data/data_text_combine/images/POD_1270_No1.png
./data/data_text_combine/images/POD_1042_No0.png
./data/data_text_combine/images/POD_0114_No1.png
./data/data_text_combine/images/POD_1388_No0.png
./data/data_text_combine/images/POD_0597_No1.png
./data/data_text_combine/images/POD_1036_No0.png
./data/data_text_combine/images/POD_1193_No0.png
./data/data_text_combine/images/POD_0826_No1.png
./data/data_text_combine/images/POD_0938_No0.png
./data/data_text_combine/images/POD_0826_No0.png
./data/data_text_combine/images/POD_1332_No0.png
./data/data_text_combine/images/POD_0849_No1.png
./data/data_text_combine/images/POD_0595_No0.png
./data/data_text_combine/images/POD_0956_No1.png
./data/data_text_combine/images/POD_1451_No1.png
./data/data_text_combine/images/POD_0615_No0.png
./data/data_text_combine/images/POD_0567_No0.png
./data/data_text_combine/images/POD_0982_No1.png
./data/data_text_combine/images/POD_1151_No1.png
./data/data_text_combine/images/POD_0904_No0.png
./data/data_text_combine/images/POD_0725_No0.png
./data/data_text_combine/images/POD_0801_No1.png
./data/data_text_combine/images/POD_0454_No1.png
./data/data_text_combine/images/POD_0310_No0.png
./data/data_text_combine/images/POD_1412_No0.png
./data/data_text_combine/images/POD_0153_No1.png
./data/data_text_combine/images/POD_0256_No1.png
./data/data_text_combine/images/POD_0243_No0.png
./data/data_text_combine/images/POD_0712_No1.png
./data/data_text_combine/images/POD_0291_No0.png
./data/data_text_combine/images/POD_0930_No0.png
./data/data_text_combine/images/POD_0130_No1.png
./data/data_text_combine/images/POD_1079_No1.png
./data/data_text_combine/images/POD_0181_No0.png
./data/data_text_combine/images/POD_0228_No0.png
./data/data_text_combine/images/POD_1063_No1.png
./data/data_text_combine/images/POD_0966_No0.png
./data/data_text_combine/images/POD_1324_No0.png
./data/data_text_combine/images/POD_0411_No1.png
./data/data_text_combine/images/POD_0022_No0.png
./data/data_text_combine/images/POD_1589_No1.png
./data/data_text_combine/images/POD_0719_No1.png
./data/data_text_combine/images/POD_0054_No1.png
./data/data_text_combine/images/POD_0310_No1.png
./data/data_text_combine/images/POD_0940_No1.png
./data/data_text_combine/images/POD_0838_No1.png
./data/data_text_combine/images/POD_0784_No1.png
./data/data_text_combine/images/POD_1593_No0.png
./data/data_text_combine/images/POD_0047_No0.png
./data/data_text_combine/images/POD_1153_No0.png
./data/data_text_combine/images/POD_1543_No1.png
./data/data_text_combine/images/POD_0648_No0.png
./data/data_text_combine/images/POD_1147_No0.png
./data/data_text_combine/images/POD_0686_No1.png
./data/data_text_combine/images/POD_0053_No1.png
./data/data_text_combine/images/POD_1056_No0.png
./data/data_text_combine/images/POD_0188_No1.png
./data/data_text_combine/images/POD_1477_No1.png
./data/data_text_combine/images/POD_0517_No0.png
./data/data_text_combine/images/POD_0782_No1.png
./data/data_text_combine/images/POD_1321_No1.png
./data/data_text_combine/images/POD_0850_No1.png
./data/data_text_combine/images/POD_0344_No0.png
./data/data_text_combine/images/POD_0506_No1.png
./data/data_text_combine/images/POD_0298_No0.png
./data/data_text_combine/images/POD_0177_No1.png
./data/data_text_combine/images/POD_0143_No1.png
./data/data_text_combine/images/POD_1008_No1.png
./data/data_text_combine/images/POD_0442_No0.png
./data/data_text_combine/images/POD_0542_No0.png
./data/data_text_combine/images/POD_1163_No1.png
./data/data_text_combine/images/POD_1182_No0.png
./data/data_text_combine/images/POD_0217_No0.png
./data/data_text_combine/images/POD_0029_No1.png
./data/data_text_combine/images/POD_0334_No0.png
./data/data_text_combine/images/POD_0312_No0.png
./data/data_text_combine/images/POD_1498_No1.png
./data/data_text_combine/images/POD_0809_No0.png
./data/data_text_combine/images/POD_0665_No1.png
./data/data_text_combine/images/POD_1596_No0.png
./data/data_text_combine/images/POD_1358_No1.png
./data/data_text_combine/images/POD_1285_No1.png
./data/data_text_combine/images/POD_0139_No0.png
./data/data_text_combine/images/POD_0176_No1.png
./data/data_text_combine/images/POD_0534_No0.png
./data/data_text_combine/images/POD_0606_No0.png
./data/data_text_combine/images/POD_0282_No0.png
./data/data_text_combine/images/POD_1110_No1.png
./data/data_text_combine/images/POD_0468_No1.png
./data/data_text_combine/images/POD_0062_No1.png
./data/data_text_combine/images/POD_0528_No1.png
./data/data_text_combine/images/POD_0290_No1.png
./data/data_text_combine/images/POD_1531_No0.png
./data/data_text_combine/images/POD_0063_No1.png
./data/data_text_combine/images/POD_0732_No0.png
./data/data_text_combine/images/POD_1432_No0.png
./data/data_text_combine/images/POD_0007_No1.png
./data/data_text_combine/images/POD_0222_No1.png
./data/data_text_combine/images/POD_0445_No0.png
./data/data_text_combine/images/POD_1281_No0.png
./data/data_text_combine/images/POD_0655_No1.png
./data/data_text_combine/images/POD_1298_No0.png
./data/data_text_combine/images/POD_0262_No1.png
./data/data_text_combine/images/POD_0320_No0.png
./data/data_text_combine/images/POD_0230_No1.png
./data/data_text_combine/images/POD_0375_No1.png
./data/data_text_combine/images/POD_0825_No1.png
./data/data_text_combine/images/POD_0374_No1.png
./data/data_text_combine/images/POD_1232_No1.png
./data/data_text_combine/images/POD_0581_No0.png
./data/data_text_combine/images/POD_1583_No1.png
./data/data_text_combine/images/POD_0642_No0.png
./data/data_text_combine/images/POD_0457_No0.png
./data/data_text_combine/images/POD_1572_No0.png
./data/data_text_combine/images/POD_0418_No1.png
./data/data_text_combine/images/POD_0144_No0.png
./data/data_text_combine/images/POD_0825_No0.png
./data/data_text_combine/images/POD_0339_No0.png
./data/data_text_combine/images/POD_1348_No1.png
./data/data_text_combine/images/POD_0490_No1.png
./data/data_text_combine/images/POD_0596_No0.png
./data/data_text_combine/images/POD_0991_No0.png
./data/data_text_combine/images/POD_1195_No1.png
./data/data_text_combine/images/POD_1272_No0.png
./data/data_text_combine/images/POD_0356_No0.png
./data/data_text_combine/images/POD_0601_No0.png
./data/data_text_combine/images/POD_0887_No0.png
./data/data_text_combine/images/POD_0896_No1.png
./data/data_text_combine/images/POD_1320_No1.png
./data/data_text_combine/images/POD_0631_No1.png
./data/data_text_combine/images/POD_1251_No1.png
./data/data_text_combine/images/POD_0733_No0.png
./data/data_text_combine/images/POD_1024_No1.png
./data/data_text_combine/images/POD_1283_No0.png
